C:\Users\yangyifeng>date
当前日期: 2022/05/18 周三
输入新日期: (年月日)

C:\Users\yangyifeng>time
当前时间: 19:35:56.01
输入新时间:

C:\Users\yangyifeng>systeminfo

主机名:           LAPTOP-DN7O7AQ3
OS 名称:          Microsoft Windows 11 家庭中文版
OS 版本:          10.0.22000 暂缺 Build 22000
OS 制造商:        Microsoft Corporation
OS 配置:          独立工作站
OS 构建类型:      Multiprocessor Free
注册的所有人:     暂缺
注册的组织:       暂缺
产品 ID:          00342-35488-37347-AAOEM
初始安装日期:     2021/12/16, 16:54:27
系统启动时间:     2022/5/14, 11:54:43
系统制造商:       ASUSTeK COMPUTER INC.
系统型号:         VivoBook_ASUSLaptop X509FJ_FL8700FJ
系统类型:         x64-based PC
处理器:           安装了 1 个处理器。
                  [01]: Intel64 Family 6 Model 142 Stepping 11 GenuineIntel ~1792 Mhz
BIOS 版本:        American Megatrends Inc. X509FJ.300, 2019/4/30
Windows 目录:     C:\WINDOWS
系统目录:         C:\WINDOWS\system32
启动设备:         \Device\HarddiskVolume1
系统区域设置:     zh-cn;中文(中国)
输入法区域设置:   zh-cn;中文(中国)
时区:             (UTC+08:00) 北京，重庆，香港特别行政区，乌鲁木齐
物理内存总量:     8,043 MB
可用的物理内存:   619 MB
虚拟内存: 最大值: 30,277 MB
虚拟内存: 可用:   5,368 MB
虚拟内存: 使用中: 24,909 MB
页面文件位置:     C:\pagefile.sys
域:               WORKGROUP
登录服务器:       \\LAPTOP-DN7O7AQ3
修补程序:         安装了 5 个修补程序。
                  [01]: KB5013628
                  [02]: KB5007575
                  [03]: KB5013943
                  [04]: KB5011650
                  [05]: KB5012674
网卡:             安装了 5 个 NIC。
                  [01]: Sangfor SSL VPN CS Support System VNIC
                      连接名:      以太网 2
                      状态:        媒体连接已中断
                  [02]: VirtualBox Host-Only Ethernet Adapter
                      连接名:      VirtualBox Host-Only Network
                      启用 DHCP:   否
                      IP 地址
                        [01]: 192.168.56.1
                        [02]: fe80::ac76:5f55:4d6c:ccae
                  [03]: VMware Virtual Ethernet Adapter for VMnet8
                      连接名:      VMware Network Adapter VMnet8
                      启用 DHCP:   否
                      IP 地址
                        [01]: 192.168.89.1
                        [02]: fe80::18a1:ade4:b08b:13a1
                  [04]: Realtek 8821CE Wireless LAN 802.11ac PCI-E NIC
                      连接名:      WLAN
                      启用 DHCP:   是
                      DHCP 服务器: 10.208.64.1
                      IP 地址
                        [01]: 10.208.75.50
                        [02]: fe80::68db:a8b7:525a:d7be
                        [03]: 2001:da8:1002:a001::6:f4ff
                  [05]: SVN Adapter V1.0
                      连接名:      以太网 3
                      启用 DHCP:   否
                      IP 地址
                        [01]: 172.168.2.83
                        [02]: fe80::2193:a9a3:cb57:3064
Hyper-V 要求:     虚拟机监视器模式扩展: 是
                  固件中已启用虚拟化: 是
                  二级地址转换: 是
                  数据执行保护可用: 是

C:\Users\yangyifeng>autorunsc64.exe

Sysinternals Autoruns v13.95 - Autostart program viewer
Copyright (C) 2002-2019 Mark Russinovich
Sysinternals - www.sysinternals.com


HKLM\System\CurrentControlSet\Control\Terminal Server\Wds\rdpwd\StartupPrograms
   rdpclip
     rdpclip
     RDP ???????
     Microsoft Corporation
     10.0.22000.675
     c:\windows\system32\rdpclip.exe
     1903/10/14 2:37

HKLM\SOFTWARE\Microsoft\Windows NT\CurrentVersion\Winlogon\Userinit
   C:\Windows\system32\userinit.exe
     C:\Windows\system32\userinit.exe
     Userinit ??????
     Microsoft Corporation
     10.0.22000.653
     c:\windows\system32\userinit.exe
     1912/4/29 9:15

HKLM\SOFTWARE\Microsoft\Windows NT\CurrentVersion\Winlogon\VmApplet
   SystemPropertiesPerformance.exe
     SystemPropertiesPerformance.exe
     ?????????
     Microsoft Corporation
     10.0.22000.1
     c:\windows\system32\systempropertiesperformance.exe
     1992/6/30 0:21

HKLM\SOFTWARE\Microsoft\Windows NT\CurrentVersion\Winlogon\Shell
   explorer.exe
     explorer.exe
     Windows ?????
     Microsoft Corporation
     10.0.22000.593
     c:\windows\explorer.exe
     2017/8/29 8:46

HKLM\SYSTEM\CurrentControlSet\Control\SafeBoot\AlternateShell
   cmd.exe
     cmd.exe
     Windows ??????
     Microsoft Corporation
     10.0.22000.1
     c:\windows\system32\cmd.exe
     1962/5/25 6:09

HKLM\SOFTWARE\Microsoft\Windows\CurrentVersion\Run
   SecurityHealth
     %windir%\system32\SecurityHealthSystray.exe
     Windows Security notification icon
     Microsoft Corporation
     10.0.22000.65
     c:\windows\system32\securityhealthsystray.exe
     1926/12/3 7:27

HKLM\SOFTWARE\Wow6432Node\Microsoft\Windows\CurrentVersion\Run
   vmware-tray.exe
     "E:\vmware\vmware-tray.exe"
     VMware Tray Process
     VMware, Inc.
     16.2.0.15969
     e:\vmware\vmware-tray.exe
     2021/10/11 21:12
    QQPCTray
     "C:\Program Files (x86)\Tencent\QQPCMgr\15.1.22354.301\QQPCTRAY.EXE" /regrun /qqrepair
     ??????
     Tencent
     15.1.22354.301
     c:\program files (x86)\tencent\qqpcmgr\15.1.22354.301\qqpctray.exe
     2021/10/31 16:56

HKLM\SOFTWARE\Microsoft\Active Setup\Installed Components
   Microsoft Windows Media Player
     %SystemRoot%\system32\unregmp2.exe /ShowWMP
     Microsoft Windows Media Player ??????
     Microsoft Corporation
     12.0.22000.653
     c:\windows\system32\unregmp2.exe
     1957/12/6 17:52
   Themes Setup
     themeui.dll
     Windows ?? API
     Microsoft Corporation
     10.0.22000.65
     c:\windows\system32\themeui.dll
     1968/11/19 0:34
   Microsoft Windows Media Player
     %SystemRoot%\system32\unregmp2.exe /FirstLogon
     Microsoft Windows Media Player ??????
     Microsoft Corporation
     12.0.22000.653
     c:\windows\system32\unregmp2.exe
     1957/12/6 17:52
   Windows Desktop Update
     shell32.dll
     Windows Shell ?? DLL
     Microsoft Corporation
     10.0.22000.593
     c:\windows\system32\shell32.dll
     2034/4/21 4:06
   Web Platform Customizations
     C:\Windows\System32\ie4uinit.exe -UserConfig
     IE ????????
     Microsoft Corporation
     11.0.22000.653
     c:\windows\system32\ie4uinit.exe
     1912/2/13 1:07
   n/a
     C:\Windows\System32\Rundll32.exe C:\Windows\System32\mscories.dll,Install
     Microsoft .NET IE SECURITY REGISTRATION
     Microsoft Corporation
     2.0.50727.9157
     c:\windows\system32\mscories.dll
     2021/5/4 12:13
   Microsoft Edge
     "C:\Program Files (x86)\Microsoft\Edge\Application\101.0.1210.47\Installer\setup.exe" --configure-user-settings --verbose-logging --system-level --msedge --channel=stable
     Microsoft Edge Installer
     Microsoft Corporation
     101.0.1210.47
     c:\program files (x86)\microsoft\edge\application\101.0.1210.47\installer\setup.exe
     2022/5/12 23:52

HKLM\SOFTWARE\Wow6432Node\Microsoft\Active Setup\Installed Components
   Microsoft Windows Media Player
     %SystemRoot%\system32\unregmp2.exe /ShowWMP
     Microsoft Windows Media Player Setup Utility
     Microsoft Corporation
     12.0.22000.653
     c:\windows\syswow64\unregmp2.exe
     1926/6/2 9:24
   Microsoft Windows Media Player
     %SystemRoot%\system32\unregmp2.exe /FirstLogon
     Microsoft Windows Media Player Setup Utility
     Microsoft Corporation
     12.0.22000.653
     c:\windows\syswow64\unregmp2.exe
     1926/6/2 9:24
   n/a
     C:\Windows\SysWOW64\Rundll32.exe C:\Windows\SysWOW64\mscories.dll,Install
     Microsoft .NET IE SECURITY REGISTRATION
     Microsoft Corporation
     2.0.50727.9157
     c:\windows\syswow64\mscories.dll
     2021/5/4 12:32

HKLM\Software\Microsoft\Windows NT\CurrentVersion\Windows\IconServiceLib
   IconCodecService.dll
     IconCodecService.dll
     Converts a PNG part of the icon to a legacy bmp icon
     Microsoft Corporation
     10.0.22000.1
     c:\windows\system32\iconcodecservice.dll
     1982/5/19 6:11

HKCU\SOFTWARE\Microsoft\Windows\CurrentVersion\Run
   WallpaperEngine
     "C:\Program Files (x86)\Steam\steamapps\common\wallpaper_engine\wallpaper32.exe" -silent
     1.0.0.0
     c:\program files (x86)\steam\steamapps\common\wallpaper_engine\wallpaper32.exe
     2020/12/20 8:59
   ctfmon
     C:\WINDOWS\system32\ctfmon.exe
     CTF ????
     Microsoft Corporation
     10.0.22000.1
     c:\windows\system32\ctfmon.exe
     2030/6/21 23:36

HKCU\SOFTWARE\Microsoft\Windows\CurrentVersion\Run
   WallpaperEngine
     "C:\Program Files (x86)\Steam\steamapps\common\wallpaper_engine\wallpaper32.exe" -silent
     1.0.0.0
     c:\program files (x86)\steam\steamapps\common\wallpaper_engine\wallpaper32.exe
     2020/12/20 8:59
   ctfmon
     C:\WINDOWS\system32\ctfmon.exe
     CTF ????
     Microsoft Corporation
     10.0.22000.1
     c:\windows\system32\ctfmon.exe
     2030/6/21 23:36

C:\Users\yangyifeng>ipconfig /all

Windows IP 配置

   主机名  . . . . . . . . . . . . . : LAPTOP-DN7O7AQ3
   主 DNS 后缀 . . . . . . . . . . . :
   节点类型  . . . . . . . . . . . . : 混合
   IP 路由已启用 . . . . . . . . . . : 否
   WINS 代理已启用 . . . . . . . . . : 否

以太网适配器 以太网 3:

   连接特定的 DNS 后缀 . . . . . . . :
   描述. . . . . . . . . . . . . . . : SVN Adapter V1.0
   物理地址. . . . . . . . . . . . . : 00-FF-06-AF-B4-03
   DHCP 已启用 . . . . . . . . . . . : 否
   自动配置已启用. . . . . . . . . . : 是
   本地链接 IPv6 地址. . . . . . . . : fe80::2193:a9a3:cb57:3064%2(首选)
   IPv4 地址 . . . . . . . . . . . . : 172.168.2.83(首选)
   子网掩码  . . . . . . . . . . . . : 255.255.255.0
   默认网关. . . . . . . . . . . . . :
   DHCPv6 IAID . . . . . . . . . . . : 1057029894
   DHCPv6 客户端 DUID  . . . . . . . : 00-01-00-01-27-6E-27-20-80-91-33-44-00-B7
   TCPIP 上的 NetBIOS  . . . . . . . : 已启用

以太网适配器 VirtualBox Host-Only Network:

   连接特定的 DNS 后缀 . . . . . . . :
   描述. . . . . . . . . . . . . . . : VirtualBox Host-Only Ethernet Adapter
   物理地址. . . . . . . . . . . . . : 0A-00-27-00-00-0E
   DHCP 已启用 . . . . . . . . . . . : 否
   自动配置已启用. . . . . . . . . . : 是
   本地链接 IPv6 地址. . . . . . . . : fe80::ac76:5f55:4d6c:ccae%14(首选)
   IPv4 地址 . . . . . . . . . . . . : 192.168.56.1(首选)
   子网掩码  . . . . . . . . . . . . : 255.255.255.0
   默认网关. . . . . . . . . . . . . :
   DHCPv6 IAID . . . . . . . . . . . : 772407335
   DHCPv6 客户端 DUID  . . . . . . . : 00-01-00-01-27-6E-27-20-80-91-33-44-00-B7
   TCPIP 上的 NetBIOS  . . . . . . . : 已启用

无线局域网适配器 本地连接* 3:

   媒体状态  . . . . . . . . . . . . : 媒体已断开连接
   连接特定的 DNS 后缀 . . . . . . . :
   描述. . . . . . . . . . . . . . . : Microsoft Wi-Fi Direct Virtual Adapter #3
   物理地址. . . . . . . . . . . . . : 82-91-33-44-00-B7
   DHCP 已启用 . . . . . . . . . . . : 是
   自动配置已启用. . . . . . . . . . : 是

无线局域网适配器 本地连接* 4:

   媒体状态  . . . . . . . . . . . . : 媒体已断开连接
   连接特定的 DNS 后缀 . . . . . . . :
   描述. . . . . . . . . . . . . . . : Microsoft Wi-Fi Direct Virtual Adapter #4
   物理地址. . . . . . . . . . . . . : C2-91-33-44-00-B7
   DHCP 已启用 . . . . . . . . . . . : 否
   自动配置已启用. . . . . . . . . . : 是

以太网适配器 VMware Network Adapter VMnet8:

   连接特定的 DNS 后缀 . . . . . . . :
   描述. . . . . . . . . . . . . . . : VMware Virtual Ethernet Adapter for VMnet8
   物理地址. . . . . . . . . . . . . : 00-50-56-C0-00-08
   DHCP 已启用 . . . . . . . . . . . : 否
   自动配置已启用. . . . . . . . . . : 是
   本地链接 IPv6 地址. . . . . . . . : fe80::18a1:ade4:b08b:13a1%10(首选)
   IPv4 地址 . . . . . . . . . . . . : 192.168.89.1(首选)
   子网掩码  . . . . . . . . . . . . : 255.255.255.0
   默认网关. . . . . . . . . . . . . :
   DHCPv6 IAID . . . . . . . . . . . : 385896534
   DHCPv6 客户端 DUID  . . . . . . . : 00-01-00-01-27-6E-27-20-80-91-33-44-00-B7
   TCPIP 上的 NetBIOS  . . . . . . . : 已启用

以太网适配器 以太网 2:

   媒体状态  . . . . . . . . . . . . : 媒体已断开连接
   连接特定的 DNS 后缀 . . . . . . . :
   描述. . . . . . . . . . . . . . . : Sangfor SSL VPN CS Support System VNIC
   物理地址. . . . . . . . . . . . . : 00-FF-46-A8-52-45
   DHCP 已启用 . . . . . . . . . . . : 是
   自动配置已启用. . . . . . . . . . : 是

无线局域网适配器 WLAN:

   连接特定的 DNS 后缀 . . . . . . . :
   描述. . . . . . . . . . . . . . . : Realtek 8821CE Wireless LAN 802.11ac PCI-E NIC
   物理地址. . . . . . . . . . . . . : 80-91-33-44-00-B7
   DHCP 已启用 . . . . . . . . . . . : 是
   自动配置已启用. . . . . . . . . . : 是
   IPv6 地址 . . . . . . . . . . . . : 2001:da8:1002:a001::6:f4ff(首选)
   获得租约的时间  . . . . . . . . . : 2022年5月14日 11:55:23
   租约过期的时间  . . . . . . . . . : 2022年5月18日 20:05:03
   本地链接 IPv6 地址. . . . . . . . : fe80::68db:a8b7:525a:d7be%15(首选)
   IPv4 地址 . . . . . . . . . . . . : 10.208.75.50(首选)
   子网掩码  . . . . . . . . . . . . : 255.255.192.0
   获得租约的时间  . . . . . . . . . : 2022年5月14日 11:55:20
   租约过期的时间  . . . . . . . . . : 2022年5月19日 5:47:41
   默认网关. . . . . . . . . . . . . : fe80::200:5eff:fe00:101%15
                                       10.208.64.1
   DHCP 服务器 . . . . . . . . . . . : 10.208.64.1
   DHCPv6 IAID . . . . . . . . . . . : 142643507
   DHCPv6 客户端 DUID  . . . . . . . : 00-01-00-01-27-6E-27-20-80-91-33-44-00-B7
   DNS 服务器  . . . . . . . . . . . : 10.80.128.28
                                       10.81.254.4
   TCPIP 上的 NetBIOS  . . . . . . . : 已启用

C:\Users\yangyifeng>route print
===========================================================================
接口列表
  2...00 ff 06 af b4 03 ......SVN Adapter V1.0
 14...0a 00 27 00 00 0e ......VirtualBox Host-Only Ethernet Adapter
 17...82 91 33 44 00 b7 ......Microsoft Wi-Fi Direct Virtual Adapter #3
 19...c2 91 33 44 00 b7 ......Microsoft Wi-Fi Direct Virtual Adapter #4
 10...00 50 56 c0 00 08 ......VMware Virtual Ethernet Adapter for VMnet8
  7...00 ff 46 a8 52 45 ......Sangfor SSL VPN CS Support System VNIC
 15...80 91 33 44 00 b7 ......Realtek 8821CE Wireless LAN 802.11ac PCI-E NIC
  1...........................Software Loopback Interface 1
===========================================================================

IPv4 路由表
===========================================================================
活动路由:
网络目标        网络掩码          网关       接口   跃点数
          0.0.0.0          0.0.0.0      10.208.64.1     10.208.75.50     55
         10.0.0.0        255.0.0.0            在链路上      172.168.2.83      1
      10.208.64.0    255.255.192.0            在链路上      10.208.75.50    311
      10.208.64.0    255.255.192.0            在链路上      172.168.2.83     20
     10.208.75.50  255.255.255.255            在链路上      10.208.75.50    311
     10.208.75.50  255.255.255.255            在链路上      172.168.2.83     20
   10.208.127.255  255.255.255.255            在链路上      10.208.75.50    311
   10.208.127.255  255.255.255.255            在链路上      172.168.2.83    257
   10.255.255.255  255.255.255.255            在链路上      172.168.2.83    257
        127.0.0.0        255.0.0.0            在链路上         127.0.0.1    331
        127.0.0.1  255.255.255.255            在链路上         127.0.0.1    331
  127.255.255.255  255.255.255.255            在链路上         127.0.0.1    331
       172.16.0.0      255.255.0.0            在链路上      172.168.2.83      1
   172.16.255.255  255.255.255.255            在链路上      172.168.2.83    257
      172.168.2.0    255.255.255.0            在链路上      172.168.2.83      1
     172.168.2.83  255.255.255.255            在链路上      172.168.2.83    257
    172.168.2.255  255.255.255.255            在链路上      172.168.2.83    257
      192.168.0.0      255.255.0.0            在链路上      172.168.2.83      1
     192.168.56.0    255.255.255.0            在链路上      192.168.56.1    281
     192.168.56.0    255.255.255.0            在链路上      172.168.2.83     20
     192.168.56.1  255.255.255.255            在链路上      192.168.56.1    281
     192.168.56.1  255.255.255.255            在链路上      172.168.2.83     20
   192.168.56.255  255.255.255.255            在链路上      192.168.56.1    281
   192.168.56.255  255.255.255.255            在链路上      172.168.2.83    257
     192.168.89.0    255.255.255.0            在链路上      192.168.89.1    291
     192.168.89.0    255.255.255.0            在链路上      172.168.2.83     20
     192.168.89.1  255.255.255.255            在链路上      192.168.89.1    291
     192.168.89.1  255.255.255.255            在链路上      172.168.2.83     20
   192.168.89.255  255.255.255.255            在链路上      192.168.89.1    291
   192.168.89.255  255.255.255.255            在链路上      172.168.2.83    257
  192.168.255.255  255.255.255.255            在链路上      172.168.2.83    257
   202.119.23.198  255.255.255.255      10.208.64.1     10.208.75.50    257
        224.0.0.0        240.0.0.0            在链路上         127.0.0.1    331
        224.0.0.0        240.0.0.0            在链路上      192.168.56.1    281
        224.0.0.0        240.0.0.0            在链路上      192.168.89.1    291
        224.0.0.0        240.0.0.0            在链路上      10.208.75.50    311
        224.0.0.0        240.0.0.0            在链路上      172.168.2.83    257
  255.255.255.255  255.255.255.255            在链路上         127.0.0.1    331
  255.255.255.255  255.255.255.255            在链路上      192.168.56.1    281
  255.255.255.255  255.255.255.255            在链路上      192.168.89.1    291
  255.255.255.255  255.255.255.255            在链路上      10.208.75.50    311
  255.255.255.255  255.255.255.255            在链路上      172.168.2.83    257
===========================================================================
永久路由:
  无

IPv6 路由表
===========================================================================
活动路由:
 接口跃点数网络目标                网关
 15    311 ::/0                     fe80::200:5eff:fe00:101
  1    331 ::1/128                  在链路上
 15    311 2001:da8:1002:a001::6:f4ff/128
                                    在链路上
 14    281 fe80::/64                在链路上
 10    291 fe80::/64                在链路上
 15    311 fe80::/64                在链路上
  2    311 fe80::/64                在链路上
 10    291 fe80::18a1:ade4:b08b:13a1/128
                                    在链路上
  2    311 fe80::2193:a9a3:cb57:3064/128
                                    在链路上
 15    311 fe80::68db:a8b7:525a:d7be/128
                                    在链路上
 14    281 fe80::ac76:5f55:4d6c:ccae/128
                                    在链路上
  1    331 ff00::/8                 在链路上
 14    281 ff00::/8                 在链路上
 10    291 ff00::/8                 在链路上
 15    311 ff00::/8                 在链路上
  2    311 ff00::/8                 在链路上
===========================================================================
永久路由:
  无

C:\Users\yangyifeng>arp -a

接口: 172.168.2.83 --- 0x2
  Internet 地址         物理地址              类型
  10.80.128.28          00-ff-ec-6d-71-c5     动态
  10.81.254.4           00-ff-ec-6d-71-c5     动态
  10.208.67.38          00-ff-ec-6d-71-c5     动态
  10.208.86.67          00-ff-ec-6d-71-c5     动态
  10.208.90.154         00-ff-ec-6d-71-c5     动态
  10.208.93.132         00-ff-ec-6d-71-c5     动态
  10.208.108.91         00-ff-ec-6d-71-c5     动态
  10.208.118.251        00-ff-ec-6d-71-c5     动态
  10.208.122.111        00-ff-ec-6d-71-c5     动态
  10.208.126.195        00-ff-ec-6d-71-c5     动态
  172.16.22.214         00-ff-ec-6d-71-c5     动态
  172.168.2.255         ff-ff-ff-ff-ff-ff     静态
  224.0.0.2             01-00-5e-00-00-02     静态
  224.0.0.22            01-00-5e-00-00-16     静态
  224.0.0.100           01-00-5e-00-00-64     静态
  224.0.0.251           01-00-5e-00-00-fb     静态
  224.0.0.252           01-00-5e-00-00-fc     静态
  228.118.151.2         01-00-5e-76-97-02     静态
  228.140.240.2         01-00-5e-0c-f0-02     静态
  228.167.53.3          01-00-5e-27-35-03     静态
  228.208.144.3         01-00-5e-50-90-03     静态
  236.3.238.2           01-00-5e-03-ee-02     静态
  236.69.48.3           01-00-5e-45-30-03     静态
  236.105.86.3          01-00-5e-69-56-03     静态
  236.144.224.2         01-00-5e-10-e0-02     静态
  238.238.238.238       01-00-5e-6e-ee-ee     静态
  239.238.237.236       01-00-5e-6e-ed-ec     静态
  239.255.255.250       01-00-5e-7f-ff-fa     静态
  255.255.255.255       ff-ff-ff-ff-ff-ff     静态

接口: 192.168.89.1 --- 0xa
  Internet 地址         物理地址              类型
  192.168.89.255        ff-ff-ff-ff-ff-ff     静态
  224.0.0.2             01-00-5e-00-00-02     静态
  224.0.0.22            01-00-5e-00-00-16     静态
  224.0.0.100           01-00-5e-00-00-64     静态
  224.0.0.251           01-00-5e-00-00-fb     静态
  224.0.0.252           01-00-5e-00-00-fc     静态
  224.77.77.77          01-00-5e-4d-4d-4d     静态
  228.19.167.3          01-00-5e-13-a7-03     静态
  228.76.2.3            01-00-5e-4c-02-03     静态
  228.117.165.3         01-00-5e-75-a5-03     静态
  228.118.151.2         01-00-5e-76-97-02     静态
  228.140.240.2         01-00-5e-0c-f0-02     静态
  228.167.53.3          01-00-5e-27-35-03     静态
  228.196.220.2         01-00-5e-44-dc-02     静态
  228.208.144.3         01-00-5e-50-90-03     静态
  236.2.195.3           01-00-5e-02-c3-03     静态
  236.3.238.2           01-00-5e-03-ee-02     静态
  236.10.20.3           01-00-5e-0a-14-03     静态
  236.56.40.3           01-00-5e-38-28-03     静态
  236.58.207.3          01-00-5e-3a-cf-03     静态
  236.65.10.3           01-00-5e-41-0a-03     静态
  236.69.48.3           01-00-5e-45-30-03     静态
  236.83.34.3           01-00-5e-53-22-03     静态
  236.104.14.3          01-00-5e-68-0e-03     静态
  236.104.179.2         01-00-5e-68-b3-02     静态
  236.105.86.3          01-00-5e-69-56-03     静态
  236.114.73.3          01-00-5e-72-49-03     静态
  236.144.224.2         01-00-5e-10-e0-02     静态
  236.150.62.3          01-00-5e-16-3e-03     静态
  236.240.7.3           01-00-5e-70-07-03     静态
  236.245.197.3         01-00-5e-75-c5-03     静态
  236.251.162.3         01-00-5e-7b-a2-03     静态
  238.238.238.238       01-00-5e-6e-ee-ee     静态
  239.238.237.236       01-00-5e-6e-ed-ec     静态
  239.255.255.250       01-00-5e-7f-ff-fa     静态

接口: 192.168.56.1 --- 0xe
  Internet 地址         物理地址              类型
  192.168.56.255        ff-ff-ff-ff-ff-ff     静态
  224.0.0.2             01-00-5e-00-00-02     静态
  224.0.0.22            01-00-5e-00-00-16     静态
  224.0.0.100           01-00-5e-00-00-64     静态
  224.0.0.251           01-00-5e-00-00-fb     静态
  224.0.0.252           01-00-5e-00-00-fc     静态
  224.77.77.77          01-00-5e-4d-4d-4d     静态
  228.19.167.3          01-00-5e-13-a7-03     静态
  228.35.49.3           01-00-5e-23-31-03     静态
  228.51.24.3           01-00-5e-33-18-03     静态
  228.75.245.2          01-00-5e-4b-f5-02     静态
  228.76.2.3            01-00-5e-4c-02-03     静态
  228.81.55.3           01-00-5e-51-37-03     静态
  228.81.246.2          01-00-5e-51-f6-02     静态
  228.101.191.2         01-00-5e-65-bf-02     静态
  228.108.20.3          01-00-5e-6c-14-03     静态
  228.115.37.3          01-00-5e-73-25-03     静态
  228.116.224.3         01-00-5e-74-e0-03     静态
  228.117.165.3         01-00-5e-75-a5-03     静态
  228.117.236.2         01-00-5e-75-ec-02     静态
  228.118.69.3          01-00-5e-76-45-03     静态
  228.118.151.2         01-00-5e-76-97-02     静态
  228.120.139.3         01-00-5e-78-8b-03     静态
  228.136.200.3         01-00-5e-08-c8-03     静态
  228.140.240.2         01-00-5e-0c-f0-02     静态
  228.144.108.3         01-00-5e-10-6c-03     静态
  228.147.160.3         01-00-5e-13-a0-03     静态
  228.153.170.2         01-00-5e-19-aa-02     静态
  228.167.53.3          01-00-5e-27-35-03     静态
  228.169.129.1         01-00-5e-29-81-01     静态
  228.176.234.2         01-00-5e-30-ea-02     静态
  228.194.48.3          01-00-5e-42-30-03     静态
  228.196.220.2         01-00-5e-44-dc-02     静态
  228.197.198.3         01-00-5e-45-c6-03     静态
  228.200.124.3         01-00-5e-48-7c-03     静态
  228.208.144.3         01-00-5e-50-90-03     静态
  228.219.170.3         01-00-5e-5b-aa-03     静态
  228.236.173.3         01-00-5e-6c-ad-03     静态
  236.2.195.3           01-00-5e-02-c3-03     静态
  236.3.238.2           01-00-5e-03-ee-02     静态
  236.10.20.3           01-00-5e-0a-14-03     静态
  236.33.64.3           01-00-5e-21-40-03     静态
  236.49.173.3          01-00-5e-31-ad-03     静态
  236.50.81.3           01-00-5e-32-51-03     静态
  236.51.56.3           01-00-5e-33-38-03     静态
  236.56.40.3           01-00-5e-38-28-03     静态
  236.58.207.3          01-00-5e-3a-cf-03     静态
  236.65.10.3           01-00-5e-41-0a-03     静态
  236.67.165.3          01-00-5e-43-a5-03     静态
  236.69.48.3           01-00-5e-45-30-03     静态
  236.83.34.3           01-00-5e-53-22-03     静态
  236.83.153.3          01-00-5e-53-99-03     静态
  236.88.37.3           01-00-5e-58-25-03     静态
  236.88.200.3          01-00-5e-58-c8-03     静态
  236.90.153.3          01-00-5e-5a-99-03     静态
  236.90.205.2          01-00-5e-5a-cd-02     静态
  236.99.224.2          01-00-5e-63-e0-02     静态
  236.104.13.3          01-00-5e-68-0d-03     静态
  236.104.14.3          01-00-5e-68-0e-03     静态
  236.104.179.2         01-00-5e-68-b3-02     静态
  236.105.86.3          01-00-5e-69-56-03     静态
  236.114.73.3          01-00-5e-72-49-03     静态
  236.120.70.3          01-00-5e-78-46-03     静态
  236.133.195.2         01-00-5e-05-c3-02     静态
  236.136.182.2         01-00-5e-08-b6-02     静态
  236.144.224.2         01-00-5e-10-e0-02     静态
  236.145.140.3         01-00-5e-11-8c-03     静态
  236.150.62.3          01-00-5e-16-3e-03     静态
  236.151.4.3           01-00-5e-17-04-03     静态
  236.163.29.3          01-00-5e-23-1d-03     静态
  236.164.74.3          01-00-5e-24-4a-03     静态
  236.165.105.3         01-00-5e-25-69-03     静态
  236.170.86.1          01-00-5e-2a-56-01     静态
  236.181.3.3           01-00-5e-35-03-03     静态
  236.202.30.3          01-00-5e-4a-1e-03     静态
  236.222.181.3         01-00-5e-5e-b5-03     静态
  236.227.38.3          01-00-5e-63-26-03     静态
  236.232.129.3         01-00-5e-68-81-03     静态
  236.240.7.3           01-00-5e-70-07-03     静态
  236.240.25.3          01-00-5e-70-19-03     静态
  236.245.18.3          01-00-5e-75-12-03     静态
  236.245.197.3         01-00-5e-75-c5-03     静态
  236.246.215.2         01-00-5e-76-d7-02     静态
  236.248.41.3          01-00-5e-78-29-03     静态
  236.251.162.3         01-00-5e-7b-a2-03     静态
  238.238.238.238       01-00-5e-6e-ee-ee     静态
  239.238.237.236       01-00-5e-6e-ed-ec     静态
  239.255.255.250       01-00-5e-7f-ff-fa     静态

接口: 10.208.75.50 --- 0xf
  Internet 地址         物理地址              类型
  10.208.64.1           00-00-5e-00-01-01     动态
  10.208.64.252         00-00-5e-00-01-01     动态
  10.208.67.38          00-00-5e-00-01-01     动态
  10.208.67.43          00-00-5e-00-01-01     动态
  10.208.67.110         00-00-5e-00-01-01     动态
  10.208.70.64          00-00-5e-00-01-01     动态
  10.208.70.123         00-00-5e-00-01-01     动态
  10.208.75.112         00-00-5e-00-01-01     动态
  10.208.79.51          00-00-5e-00-01-01     动态
  10.208.81.233         00-00-5e-00-01-01     动态
  10.208.83.36          00-00-5e-00-01-01     动态
  10.208.85.130         00-00-5e-00-01-01     动态
  10.208.90.154         00-00-5e-00-01-01     动态
  10.208.93.132         00-00-5e-00-01-01     动态
  10.208.100.11         00-00-5e-00-01-01     动态
  10.208.104.35         00-00-5e-00-01-01     动态
  10.208.108.91         00-00-5e-00-01-01     动态
  10.208.118.251        00-00-5e-00-01-01     动态
  10.208.122.111        00-00-5e-00-01-01     动态
  10.208.126.195        00-00-5e-00-01-01     动态
  10.208.127.255        ff-ff-ff-ff-ff-ff     静态
  224.0.0.2             01-00-5e-00-00-02     静态
  224.0.0.22            01-00-5e-00-00-16     静态
  224.0.0.100           01-00-5e-00-00-64     静态
  224.0.0.251           01-00-5e-00-00-fb     静态
  224.0.0.252           01-00-5e-00-00-fc     静态
  224.77.77.77          01-00-5e-4d-4d-4d     静态
  228.19.167.3          01-00-5e-13-a7-03     静态
  228.76.2.3            01-00-5e-4c-02-03     静态
  228.81.55.3           01-00-5e-51-37-03     静态
  228.81.246.2          01-00-5e-51-f6-02     静态
  228.101.191.2         01-00-5e-65-bf-02     静态
  228.108.20.3          01-00-5e-6c-14-03     静态
  228.116.224.3         01-00-5e-74-e0-03     静态
  228.117.165.3         01-00-5e-75-a5-03     静态
  228.118.69.3          01-00-5e-76-45-03     静态
  228.118.151.2         01-00-5e-76-97-02     静态
  228.140.240.2         01-00-5e-0c-f0-02     静态
  228.144.108.3         01-00-5e-10-6c-03     静态
  228.153.170.2         01-00-5e-19-aa-02     静态
  228.167.53.3          01-00-5e-27-35-03     静态
  228.169.129.1         01-00-5e-29-81-01     静态
  228.196.220.2         01-00-5e-44-dc-02     静态
  228.197.198.3         01-00-5e-45-c6-03     静态
  228.200.124.3         01-00-5e-48-7c-03     静态
  228.208.144.3         01-00-5e-50-90-03     静态
  228.236.173.3         01-00-5e-6c-ad-03     静态
  236.2.195.3           01-00-5e-02-c3-03     静态
  236.3.238.2           01-00-5e-03-ee-02     静态
  236.10.20.3           01-00-5e-0a-14-03     静态
  236.33.64.3           01-00-5e-21-40-03     静态
  236.51.56.3           01-00-5e-33-38-03     静态
  236.56.40.3           01-00-5e-38-28-03     静态
  236.58.207.3          01-00-5e-3a-cf-03     静态
  236.65.10.3           01-00-5e-41-0a-03     静态
  236.67.165.3          01-00-5e-43-a5-03     静态
  236.69.48.3           01-00-5e-45-30-03     静态
  236.83.34.3           01-00-5e-53-22-03     静态
  236.99.224.2          01-00-5e-63-e0-02     静态
  236.104.13.3          01-00-5e-68-0d-03     静态
  236.104.14.3          01-00-5e-68-0e-03     静态
  236.104.179.2         01-00-5e-68-b3-02     静态
  236.105.86.3          01-00-5e-69-56-03     静态
  236.114.73.3          01-00-5e-72-49-03     静态
  236.120.70.3          01-00-5e-78-46-03     静态
  236.144.224.2         01-00-5e-10-e0-02     静态
  236.150.62.3          01-00-5e-16-3e-03     静态
  236.151.4.3           01-00-5e-17-04-03     静态
  236.170.86.1          01-00-5e-2a-56-01     静态
  236.202.30.3          01-00-5e-4a-1e-03     静态
  236.222.181.3         01-00-5e-5e-b5-03     静态
  236.227.38.3          01-00-5e-63-26-03     静态
  236.240.7.3           01-00-5e-70-07-03     静态
  236.245.197.3         01-00-5e-75-c5-03     静态
  236.251.162.3         01-00-5e-7b-a2-03     静态
  238.238.238.238       01-00-5e-6e-ee-ee     静态
  239.238.237.236       01-00-5e-6e-ed-ec     静态
  239.255.255.250       01-00-5e-7f-ff-fa     静态

C:\Users\yangyifeng>pslist.exe

PsList v1.4 - Process information lister
Copyright (C) 2000-2016 Mark Russinovich
Sysinternals - www.sysinternals.com

Process information for LAPTOP-DN7O7AQ3:

Name                Pid Pri Thd  Hnd   Priv        CPU Time    Elapsed Time
Idle                  0   0  16    0     60   751:03:26.140   104:07:10.267
System                4   8 323 6853     92     4:05:29.265   104:07:10.267
Registry            156   8   4    0  12752     0:00:08.593   104:07:13.281
smss                580  11   2   57   1100     0:00:00.625   104:07:10.255
csrss               920  13  12  866   2092     0:00:29.578   104:06:45.900
wininit            1020  13   1  149   1340     0:00:00.046   104:06:44.067
csrss               588  13  15  986   2940     0:12:47.328   104:06:44.063
services            780   9   6  781   6052     0:01:55.687   104:06:43.971
lsass               912   9   9 1836   9832     0:04:00.703   104:06:43.911
winlogon           1084  13   8  293   3196     0:00:16.234   104:06:43.773
svchost            1216   8  21 1708  17484     0:03:20.656   104:06:43.695
fontdrvhost        1248   8   5   37  10976     0:00:27.640   104:06:43.677
fontdrvhost        1256   8   5   37   2580     0:00:00.578   104:06:43.677
WUDFHost           1264  13  13  349   6452     0:00:14.515   104:06:43.673
svchost            1404   8  10 1517  13396     0:02:24.593   104:06:43.589
svchost            1444   8   5  329   3132     0:00:53.093   104:06:43.566
svchost            1532   8   3  116   1228     0:00:00.015   104:06:43.426
svchost            1572   8   4  253   2644     0:00:04.140   104:06:43.405
svchost            1580   8   1  310   1924     0:00:01.296   104:06:43.405
IntelCpHDCPSvc     1648   8   3  139   1444     0:00:00.031   104:06:43.385
svchost            1656   8  10  355   2652     0:00:00.218   104:06:43.384
svchost            1684   8   5  117   1444     0:00:00.093   104:06:43.380
svchost            1752   8   4  174   6976     0:00:47.546   104:06:43.372
svchost            1832   8  12  807   8316     0:01:28.453   104:06:43.354
IntelCpHeciSvc     1852   8   3  130   1512     0:00:00.000   104:06:43.349
svchost            2016   8   2  197   2984     0:00:24.390   104:06:43.315
dwm                1488  13  36 2009 4194303     3:45:08.437   104:06:43.176
svchost            2180   8  11  345   5948     1:53:14.281   104:06:43.118
qmbsrv             2212   8   2  125   1180     0:00:00.031   104:06:43.096
QQPCRTP            2216   8 117 1243 158792     0:18:02.593   104:06:43.096
svchost            2232   8   3  190   3624     0:00:01.703   104:06:43.091
svchost            2308   8   5  244   2620     0:00:13.093   104:06:43.049
svchost            2396   8   7  276   5932     0:04:48.156   104:06:43.023
svchost            2540   8   6  419   6372     0:00:26.156   104:06:42.975
svchost            2560   8   4  206   2332     0:03:38.750   104:06:42.971
svchost            2804   8   7  458  16396     0:00:09.968   104:06:42.778
svchost            2904   8   3  292   1304     0:00:00.968   104:06:42.763
svchost            2912   8   6  234   2668     0:06:20.968   104:06:42.763
svchost            2920   8   4  177   1912     0:00:00.265   104:06:42.763
Memory Compression  3032   8  63    0   7948     0:14:41.562   104:06:42.727
svchost            1764   8   2  220   2200     0:00:00.343   104:06:42.722
igfxCUIService     3120   8   2  175   2012     0:00:00.062   104:06:42.694
svchost            3184   8   2  179   1820     0:00:01.281   104:06:42.667
svchost            3196   8   7  166   1980     0:00:17.062   104:06:42.667
svchost            3336   8   6  329  13072     0:00:48.859   104:06:42.611
svchost            3392   8  10  449   3980     0:04:01.375   104:06:42.445
svchost            3432   8   5  425   2796     0:00:14.546   104:06:42.406
svchost            3440   8   3  154   1672     0:00:01.625   104:06:42.406
svchost            3592   8  11  511   6388     0:00:24.625   104:06:42.275
svchost            3616   8   2  191   2340     0:00:00.250   104:06:42.260
spoolsv            3724   8   8  540   9240     0:00:07.656   104:06:42.174
svchost            3760   8  15  439  20264     0:01:15.593   104:06:42.153
svchost            3824   8   6  177   1900     0:00:00.546   104:06:42.129
svchost            3292   8   6  372   2916     0:00:02.750   104:06:41.962
svchost            3324   8  13  612  22576     0:01:09.375   104:06:41.961
svchost            3820   8   2  211   1676     0:00:00.781   104:06:41.954
svchost            4104   8  19  387  43388     0:04:53.609   104:06:41.954
ICEsoundService64  4120   8   4 2941   3536     0:00:15.078   104:06:41.953
OneApp.IGCC.WinService  4128   8   5  388  20108     0:00:06.562   104:06:41.952
svchost            4164   8   7  443   7224     0:00:31.015   104:06:41.949
FlashHelperService  4172   8  39 1164  13084     0:00:01.250   104:06:41.949
svchost            4180   8   1  148   1668     0:00:00.062   104:06:41.948
IpOverUsbSvc       4188   8   6  283   5816     0:00:01.000   104:06:41.948
FlashCenterService  4204   8   4  373   4284     0:00:03.125   104:06:41.947
mqsvc              4220   8  32  367   5744     0:00:00.281   104:06:41.946
RstMwService       4236   8   6  138   1440     0:00:00.031   104:06:41.945
QQProtect          4244   8  12  437  16060     0:00:17.453   104:06:41.944
RtkAudUService64   4264   8   8  292   2244     0:00:00.515   104:06:41.940
LMS                4272   8   3  215   2916     0:00:00.046   104:06:41.939
RtkBtManServ       4300   8   2  199   2148     0:00:00.609   104:06:41.934
esif_uf            4308  13   3  120   1696     0:00:00.046   104:06:41.931
SangforPromoteService  4316   8  13  438   7524     0:21:47.406   104:06:41.931
svchost            4336   8   6  205   2412     0:00:01.859   104:06:41.918
SecoClientPromoteService  4380   8   5  137  34820     0:00:26.140   104:06:41.911
TsService          4564   8  21  669  96704     0:54:30.156   104:06:41.854
svchost            4584   8   3  144   1292     0:00:00.031   104:06:41.850
svchost            4592   8  13  446   8408     0:00:42.046   104:06:41.850
svchost            4724   8   7  436   5764     0:00:08.562   104:06:41.824
svchost            4736   8  24  414   8236     0:00:01.750   104:06:41.820
vmnetdhcp          4756   8   2   88   4684     0:00:00.125   104:06:41.815
vmnat              4784   8   4  136   2324     0:00:02.281   104:06:41.804
jhi_service        4840   8   2  133   1220     0:00:00.031   104:06:41.793
vmware-authd       5352   8   4  220   6616     0:00:00.218   104:06:41.561
vmware-usbarbitrator64  5376   8   3  221   2908     0:00:00.796   104:06:41.553
svchost            5544   8  14  406   3668     0:00:09.203   104:06:41.458
AggregatorHost     6564   8   1   91   1356     0:00:00.734   104:06:39.724
WmiPrvSE           6808   8   4  183   6104     0:00:13.750   104:06:39.521
svchost            7252   8   3  156   1704     0:00:01.765   104:06:38.469
svchost            7788   8   1  112   1280     0:00:00.093   104:06:38.236
svchost            7624   8   1  137   1264     0:00:00.093   104:06:31.858
dllhost            6180   8   5  205   3936     0:00:00.234   104:06:30.455
sihost             8240   8  12  640   6916     0:00:35.828   104:06:07.766
svchost            1980   8  11  442  10844     0:01:00.468   104:06:07.673
svchost            2952   8   6 1017   9000     0:00:14.734   104:06:07.642
taskhostw          3132   8   8  317  10820     0:00:19.265   104:06:07.564
svchost            8688   8   8  256   4260     0:00:41.062   104:06:07.512
svchost            8732   8   3  165   1792     0:00:00.187   104:06:07.459
ctfmon             7956  13  13  792  18796     0:02:58.187   104:06:07.396
svchost            9316   8   8  387   4708     0:00:01.000   104:06:06.822
PresentationFontCache  9580   8   4  254  19492     0:00:01.234   104:06:06.646
explorer           9692   8 191 6173 357060     1:40:42.125   104:06:06.575
svchost            9868   8   7  235   2172     0:00:03.375   104:06:06.412
ChsIME            10048   8   2  134   1432     0:00:00.062   104:06:06.234
QQPCTray          10108   8 138 2445 163788     2:44:02.640   104:06:06.009
svchost            9296   8   8  336   5260     0:00:02.593   104:06:05.295
svchost            9424   8   1  127   1464     0:00:00.140   104:06:05.159
svchost            7852   8   2  195   2204     0:00:00.734   104:06:04.993
igfxEM             1772   8   7 1068   6832     0:00:06.078   104:06:02.622
QQPCRealTimeSpeedup 10768   8  39  845  35892     1:14:21.656   104:05:56.485
QQBrowser         11516   8   8  338   9100     0:06:13.500   104:05:51.841
QQBrowser         11660   8   7 1782  19548     0:00:13.031   104:05:49.352
svchost           11732   8   4  913   2944     0:00:03.640   104:05:48.867
svchost           11484   8  11  337   3936     0:00:02.953   104:05:39.266
SearchHost        12032   8  72 1733 109728     0:00:08.328   104:05:38.129
StartMenuExperienceHost 12044   8  11  857  33228     0:00:06.890   104:05:38.124
RuntimeBroker       632   8  14  648  12908     0:00:08.296   104:05:37.929
RuntimeBroker      1152   8   3  297   6632     0:00:03.562   104:05:37.850
svchost            1732   8   2  178   2192     0:00:00.218   104:05:37.817
LockApp            4344   8   9  485  14660     0:00:12.890   104:05:37.526
dllhost           11180   8   8  247   5052     0:00:00.609   104:05:37.324
RtkAudUService64   6832   6   7  337   4276     0:00:01.000   104:05:37.083
RuntimeBroker       560   8   9  410   7808     0:00:06.078   104:05:37.006
TextInputHost     13692  13  22  918  22244     0:00:27.390   104:05:32.296
SecurityHealthSystray 13420   8   1  173   1832     0:00:00.203   104:05:24.737
SecurityHealthService  2024   8  13  391   3736     0:00:01.093   104:05:24.678
wallpaper32       13948   8   3  223   4068     0:20:46.125   104:05:24.347
audiodg            2356   8  16  828 133128     1:52:41.656   104:05:23.833
svchost            3636   8   5  294   3628     0:00:02.406   104:05:23.813
vmware-tray       12736   8   3  209   4276     0:00:00.312   104:05:22.311
svchost           10100   8   7  290   3720     0:00:02.953   104:05:21.825
svchost           15884   8   2  188   2216     0:00:02.390   104:05:07.989
ShellExperienceHost 16224   8  15  653  16652     0:00:02.937   104:04:55.492
RuntimeBroker      9892   8   4  201   2668     0:00:00.843   104:04:54.751
unsecapp          10832   8   3  115   1508     0:00:00.625   104:04:38.152
svchost            4572   8   1  266   3436     0:00:12.234   104:04:34.946
SgrmBroker         4324   8   6  107   7632     0:00:17.015   104:04:34.626
svchost           11708   8   8  230   2748     0:00:00.734   104:04:34.077
svchost            9904   8   4  413   5288     0:00:03.484   104:04:33.918
mcafee-security   13816   8  16  750  31496     0:00:03.531   104:03:53.330
RuntimeBroker     16316   8   1  279   3060     0:00:01.109   104:03:51.894
mcafee-security-ft  8460   8   4  250   3232     0:00:00.406   104:03:50.854
svchost            3588   8   3 1075   8872     0:00:03.359   104:03:35.329
WeChat            12712   8  54 1595 176356     1:10:58.296   104:02:30.679
WechatBrowser      2388   8  26 1024  33696     0:05:29.593   104:02:28.268
WeChatPlayer      15984   8   8  206  15692     0:01:23.703   104:02:28.211
WechatBrowser      3384   8   6  275   8816     0:00:00.828   104:02:27.666
WechatBrowser      8452  10  14  709  68248     0:00:06.406   104:02:27.384
WechatBrowser     11268   8  14  333  17612     0:00:03.437   104:02:20.558
WechatBrowser     10816   8  14  377  44064     0:00:07.406   104:02:10.317
WechatBrowser     10300   8  14  343  35404     0:00:05.234   104:02:09.174
SogouCloud        15540   8  22  619  14952     0:43:43.421   104:01:54.782
WeChatAppEx        5232   8  20  746  49576     0:00:56.453   104:01:51.180
WeChatAppEx       16028   8   7  281  13056     0:00:00.953   104:01:49.694
svchost           16132   8   6  237   2116     0:00:00.578   104:01:05.057
svchost           17060   8   3  293   2732     0:00:00.859   104:00:34.417
QQPCSysOptimize   10888   8  15  541  27412     0:46:21.875   103:49:10.464
ApplicationFrameHost  3872   8   3  329  17484     0:00:00.687   103:44:59.194
QQLive            18308   8 122 2026 569764    20:27:34.781   103:43:47.520
svchost           15672   8   3   91   1660     0:00:00.140   103:43:45.847
QQLiveBrowser     15588   8  23  728 198696     5:50:56.312   103:43:45.057
QQLive             4464   8  13  241  17344     0:05:03.000   103:43:44.496
QQLiveService     16152   8  31  717  47056     0:03:14.375   103:43:39.833
QQLivePlayerHD    13236   8  38  695 180836     5:06:12.328   103:43:38.019
QQ                 6612   8 102 1957 334036     6:00:56.937   100:38:09.159
TXPlatform        18144   8   2  165   4040     0:00:00.109   100:38:06.759
dllhost            7608   8   5  145   2080     0:00:00.828    93:51:44.699
svchost           14720   8   5  199   6788     0:00:00.234    93:25:38.051
taskhostw         17256   8   5  409   8736     0:00:00.734    80:21:22.835
AsusOptimization   8296   8   7  215   2256     0:00:00.125    67:05:42.259
AsusSystemDiagnosis 17484   8   2  146   1652     0:00:00.062    67:05:42.183
AsusSystemAnalysis  5840   8   5 1253   3564     0:00:00.578    67:05:42.003
AsusLinkRemote    12364   8   6  202   6392     0:00:00.390    67:05:41.790
AsusLinkNear       6708   8  10  340   3728     0:12:21.156    67:05:41.115
AsusSoftwareManager 13704   8  11  596   9008     0:00:02.468    67:05:40.843
AsusAppService    16532   8   4  324   5644     0:00:05.765    67:05:38.436
AsusSwitch        13656   8   7  189   3256     0:00:00.093    67:05:38.295
AsusOptimizationStartupTask 11420   8   7  287   2816     0:00:00.390    67:05:36.447
svchost           16392   8   4  122   1496     0:00:00.062    67:05:34.946
AsusOSD           10856   8   2  158   2732     0:00:00.187    67:04:35.715
AsusSoftwareManagerAgent  8976   8   8  484  37072     0:00:01.671    67:00:40.410
dllhost           18296   8   6  223   2836     0:00:00.656    52:25:57.224
msedge            19008   8  50 1951 123952     0:41:57.218    52:22:22.860
msedge             5400   8   8  229   2260     0:00:00.281    52:22:22.793
msedge             3568  10  19 1422 176784     0:45:01.562    52:22:22.453
msedge            14472   8  16  382  17256     0:02:56.484    52:22:22.430
msedge             8612   8   9  249   9084     0:00:06.578    52:22:22.297
msedge            16184   8  17  316  18948     0:00:01.437    52:22:21.927
msedge            13440   8  17  302  27256     0:00:05.500    52:22:21.714
msedge            14984   8  17  316  21048     0:00:01.343    52:22:21.666
msedge            14268   8   9  286   8064     0:00:02.687    52:21:22.244
RuntimeBroker     18216   8   3  251   5296     0:00:00.296    52:21:22.132
MiniSearchHost    20276   8  14  611  22444     0:00:01.375    47:04:23.977
SogouImeBroker    18748   8   3  395   6312     0:00:00.640    47:03:48.501
msedge              476   8   8  233   8852     0:00:00.937    46:45:29.769
msedge             9916   8   9  288   7964     0:01:20.609    46:45:06.908
svchost           15400   8   4  243   2624     0:00:01.234    46:45:06.661
svchost           20436   8   2  136   1784     0:00:00.328    46:45:06.562
SangforPWEx        7296   8   6  260   3420     0:00:00.328    31:30:33.271
SangforUDProtectEx 20432   8   6  212   4940     0:02:58.671    31:30:33.033
ECAgent            9752   8  15  479   7956     0:00:27.000    31:30:28.608
NVDisplay.Container  7316   8  10  428   9128     0:00:02.031    19:04:54.321
NVDisplay.Container 18512   8  35  733  34944     0:00:11.828    19:04:47.692
OfficeClickToRun   5008   8  21  777  47484     0:00:27.765    14:30:32.503
AppVShNotify       8360   8   1  152   1580     0:00:00.031    14:30:07.123
AppVShNotify      11800   8   1  158   1880     0:00:00.031    14:30:07.099
SearchIndexer     19660   8  12  799  45952     0:00:41.328    14:29:27.192
webwallpaper32    14652   8  19  733  21280     0:00:25.187     6:26:25.712
webwallpaper32     8188  10  12  578  34904     0:03:20.671     6:26:24.858
webwallpaper32    19196   8   7  307   6828     0:00:01.406     6:26:24.674
webwallpaper32     6560   8  15  352  47996     0:04:19.671     6:26:24.562
SecoClient         3564   8   9  328  52668     0:00:02.843     4:32:28.137
SecoClientCS       2936   8  13  505  40112     0:00:34.234     4:32:26.862
conhost           11796   8   2  108   5412     0:00:00.015     4:32:26.773
svchost            9492   8   3  199   1648     0:00:00.046     2:17:02.407
QQBrowser         16208   8  20  764  47424     0:00:31.390     1:01:46.528
QQBrowser         11712   8  11  524  28368     0:00:02.546     1:01:46.322
QQBrowser         13340   8  51 2627 145636     0:02:05.296     1:01:46.295
QQBrowser         15264   8   9  606 122360     0:00:43.343     1:01:45.039
QQBrowser         20692   8   9  497  30160     0:00:16.765     1:01:44.989
QQBrowser          1848   8  14  467  58024     0:00:18.921     1:01:43.978
QQBrowser         19880   4  13  352  28008     0:00:04.562     1:01:43.801
QQBrowser         15832   8  13  387  55316     0:00:59.531     1:01:43.020
QQBrowser         20604   8   6  231 125008     0:00:10.843     1:01:42.348
QQBrowser          9140   8   3  180   9408     0:00:00.187     1:01:40.471
QQBrowser         17516   8   8  506  23272     0:00:02.328     1:01:40.414
QQBrowser         19832   8  13  313  40168     0:00:06.312     1:01:40.375
QQBrowser          7180   8  13  305  26304     0:00:01.484     1:01:40.327
QQBrowser         20332   8  13  334  26744     0:00:00.656     1:01:39.664
Rocket_v2.4_24     8080   8  13  798  30476     0:00:04.375     1:00:55.014
msedge            21992   4  26  449  64124     0:00:33.890     0:55:08.150
VirtualBox        21560   8   7  410  74632     0:00:05.375     0:53:57.373
VBoxSVC           16008   8  13 1572  15492     0:00:02.046     0:53:56.146
VBoxSDS           19788   8   3  188   2024     0:00:00.062     0:53:55.699
VirtualBoxVM       1092   8   1   73   1092     0:00:00.171     0:53:44.556
VirtualBoxVM      15764   8   1   80   1972     0:00:00.265     0:53:44.331
VirtualBoxVM      22048   8  39 1359 387940     0:03:03.656     0:53:43.878
VBoxNetDHCP       20684   8   1   73   1084     0:00:00.250     0:53:35.954
VBoxNetNAT         7856   8   1   73   1116     0:00:00.265     0:53:35.877
VBoxNetDHCP       22180   8   1   80   1940     0:00:00.375     0:53:35.649
VBoxNetNAT         4360   8   1   80   1984     0:00:00.359     0:53:35.530
VBoxNetDHCP       17048   8   4  313  23440     0:00:03.718     0:53:35.063
VBoxNetNAT        18724   8   8  422  28456     0:00:04.625     0:53:34.970
QQBrowser         15992   4  14  381  44156     0:00:03.562     0:38:31.992
QQBrowser         12872   4  13  376  42516     0:00:02.328     0:36:20.706
QQBrowser         15792   4  13  380  46276     0:00:05.906     0:36:15.990
QQBrowser         21756   4  13  518  91012     0:00:22.890     0:11:26.640
svchost            9964   8   2  120   1352     0:00:00.046     0:11:23.780
SearchProtocolHost 19220   4   7  356   3428     0:00:00.937     0:10:46.953
SearchFilterHost   6728   4   1  147   1736     0:00:00.078     0:10:46.783
QQBrowser         20236   4  13  375  39288     0:00:01.546     0:08:12.349
QQBrowser         20832   8  13  449  71576     0:00:07.421     0:08:09.553
QQBrowser         13580   4  13  409  39048     0:00:01.515     0:08:02.254
SearchFilterHost  17092   4   3  169   2416     0:00:00.203     0:07:10.460
svchost           21804   8   7  242   3792     0:00:00.265     0:06:57.237
QQBrowser         18940   8  10  741  23084     0:00:04.046     0:05:41.220
Rocket_v2.4_24    22196   8   5  165   2592     0:00:00.468     0:05:20.985
vcore              4972   8  14  227  63720     0:00:05.156     0:05:20.801
conhost            6848   8   3  104   5424     0:00:00.062     0:05:20.680
dllhost            3368   8   3  224   3168     0:00:01.000     0:04:39.459
dllhost            9488   8   3  304   3648     0:00:00.687     0:04:39.070
dllhost           12944   8   6  307   4060     0:00:00.515     0:02:52.296
RuntimeBroker     18484   8   5  148   2384     0:00:00.062     0:01:56.870
smartscreen       16156   8  15  410   7964     0:00:00.140     0:00:27.973
SGTool            11968   8  20  638  13684     0:00:00.562     0:00:27.812
WmiPrvSE          13632   8  11  204   4108     0:00:00.125     0:00:15.275
cmd               19300   8   3   79   4436     0:00:00.046     0:00:04.909
conhost            2228   8   8  357  16816     0:00:00.453     0:00:04.858
pslist            20644  13   4  238   4684     0:00:00.718     0:00:00.523
